[debug] [2026-08-16T11:03:13.535Z] ----------------------------------------------------------------------
[debug] [2026-08-16T11:03:13.537Z] Command:       C:\Program Files\nodejs\node.exe C:\Users\Admin\AppData\Roaming\npm\node_modules\firebase-tools\lib\bin\firebase.js deploy --only functions
[debug] [2026-08-16T11:03:13.537Z] CLI Version:   15.19.1
[debug] [2026-08-16T11:03:13.537Z] Platform:      win32
[debug] [2026-08-16T11:03:13.537Z] Node Version:  v22.22.3
[debug] [2026-08-16T11:03:13.538Z] Time:          Sun Aug 16 2026 16:33:13 GMT+0530 (India Standard Time)
[debug] [2026-08-16T11:03:13.538Z] ----------------------------------------------------------------------
[debug] 
[debug] [2026-08-16T11:03:15.696Z] > command requires scopes: ["email","openid","https://www.googleapis.com/auth/cloudplatformprojects.readonly","https://www.googleapis.com/auth/firebase","https://www.googleapis.com/auth/cloud-platform"]
[debug] [2026-08-16T11:03:15.697Z] > authorizing via signed-in user (ajrdigitalhub@gmail.com)
[debug] [2026-08-16T11:03:15.697Z] [iam] checking project ajr3dgalaxy for permissions ["cloudfunctions.functions.create","cloudfunctions.functions.delete","cloudfunctions.functions.get","cloudfunctions.functions.list","cloudfunctions.functions.update","cloudfunctions.operations.get","firebase.projects.get"]
[debug] [2026-08-16T11:03:15.698Z] Checked if tokens are valid: false, expires at: 1786876575948
[debug] [2026-08-16T11:03:15.698Z] Checked if tokens are valid: false, expires at: 1786876575948
[debug] [2026-08-16T11:03:15.698Z] > refreshing access token with scopes: []
[debug] [2026-08-16T11:03:15.700Z] >>> [apiv2][query] POST https://www.googleapis.com/oauth2/v3/token [none]
[debug] [2026-08-16T11:03:15.700Z] >>> [apiv2][body] POST https://www.googleapis.com/oauth2/v3/token [omitted]
[debug] [2026-08-16T11:03:15.997Z] <<< [apiv2][status] POST https://www.googleapis.com/oauth2/v3/token 200
[debug] [2026-08-16T11:03:15.997Z] <<< [apiv2][body] POST https://www.googleapis.com/oauth2/v3/token [omitted]
[debug] [2026-08-16T11:03:16.004Z] >>> [apiv2][query] POST https://cloudresourcemanager.googleapis.com/v1/projects/ajr3dgalaxy:testIamPermissions [none]
[debug] [2026-08-16T11:03:16.004Z] >>> [apiv2][(partial)header] POST https://cloudresourcemanager.googleapis.com/v1/projects/ajr3dgalaxy:testIamPermissions  x-goog-user-project=ajr3dgalaxy
[debug] [2026-08-16T11:03:16.004Z] >>> [apiv2][body] POST https://cloudresourcemanager.googleapis.com/v1/projects/ajr3dgalaxy:testIamPermissions {"permissions":["cloudfunctions.functions.create","cloudfunctions.functions.delete","cloudfunctions.functions.get","cloudfunctions.functions.list","cloudfunctions.functions.update","cloudfunctions.operations.get","firebase.projects.get"]}
