server/src/config/firebase.ts(1,24): error TS2307: Cannot find module 'firebase-admin' or its corresponding type declarations.
server/src/controllers/auth.ts(32,11): error TS2322: Type 'string[]' is not assignable to type 'RolePermissionUncheckedCreateNestedManyWithoutRoleInput | RolePermissionCreateNestedManyWithoutRoleInput | undefined'.
server/src/controllers/auth.ts(40,9): error TS2353: Object literal may only specify known properties, and 'password' does not exist in type '(Without<UserCreateInput, UserUncheckedCreateInput> & UserUncheckedCreateInput) | (Without<...> & UserCreateInput)'.
server/src/controllers/auth.ts(45,18): error TS2561: Object literal may only specify known properties, but 'role' does not exist in type 'UserInclude<DefaultArgs>'. Did you mean to write 'roles'?
server/src/controllers/auth.ts(53,9): error TS2353: Object literal may only specify known properties, and 'details' does not exist in type 'Without<AuditLogCreateInput, AuditLogUncheckedCreateInput> & AuditLogUncheckedCreateInput'.
server/src/controllers/auth.ts(57,99): error TS2339: Property 'role' does not exist on type '{ id: string; email: string; passwordHash: string; firstName: string | null; lastName: string | null; profileImage: string | null; dateOfBirth: Date | null; gender: string | null; ... 4 more ...; updatedAt: Date; }'.
server/src/controllers/auth.ts(64,23): error TS2339: Property 'name' does not exist on type '{ id: string; email: string; passwordHash: string; firstName: string | null; lastName: string | null; profileImage: string | null; dateOfBirth: Date | null; gender: string | null; ... 4 more ...; updatedAt: Date; }'.
server/src/controllers/auth.ts(65,23): error TS2339: Property 'role' does not exist on type '{ id: string; email: string; passwordHash: string; firstName: string | null; lastName: string | null; profileImage: string | null; dateOfBirth: Date | null; gender: string | null; ... 4 more ...; updatedAt: Date; }'.
server/src/controllers/auth.ts(84,18): error TS2561: Object literal may only specify known properties, but 'role' does not exist in type 'UserInclude<DefaultArgs>'. Did you mean to write 'roles'?
server/src/controllers/auth.ts(87,23): error TS2339: Property 'status' does not exist on type '{ id: string; email: string; passwordHash: string; firstName: string | null; lastName: string | null; profileImage: string | null; dateOfBirth: Date | null; gender: string | null; ... 4 more ...; updatedAt: Date; }'.
server/src/controllers/auth.ts(91,58): error TS2339: Property 'password' does not exist on type '{ id: string; email: string; passwordHash: string; firstName: string | null; lastName: string | null; profileImage: string | null; dateOfBirth: Date | null; gender: string | null; ... 4 more ...; updatedAt: Date; }'.
server/src/controllers/auth.ts(101,9): error TS2353: Object literal may only specify known properties, and 'details' does not exist in type 'Without<AuditLogCreateInput, AuditLogUncheckedCreateInput> & AuditLogUncheckedCreateInput'.
server/src/controllers/auth.ts(105,90): error TS2339: Property 'role' does not exist on type '{ id: string; email: string; passwordHash: string; firstName: string | null; lastName: string | null; profileImage: string | null; dateOfBirth: Date | null; gender: string | null; ... 4 more ...; updatedAt: Date; }'.
server/src/controllers/auth.ts(112,20): error TS2339: Property 'name' does not exist on type '{ id: string; email: string; passwordHash: string; firstName: string | null; lastName: string | null; profileImage: string | null; dateOfBirth: Date | null; gender: string | null; ... 4 more ...; updatedAt: Date; }'.
server/src/controllers/auth.ts(113,20): error TS2339: Property 'role' does not exist on type '{ id: string; email: string; passwordHash: string; firstName: string | null; lastName: string | null; profileImage: string | null; dateOfBirth: Date | null; gender: string | null; ... 4 more ...; updatedAt: Date; }'.
server/src/controllers/auth.ts(114,27): error TS2339: Property 'role' does not exist on type '{ id: string; email: string; passwordHash: string; firstName: string | null; lastName: string | null; profileImage: string | null; dateOfBirth: Date | null; gender: string | null; ... 4 more ...; updatedAt: Date; }'.
server/src/controllers/auth.ts(147,18): error TS2561: Object literal may only specify known properties, but 'role' does not exist in type 'UserInclude<DefaultArgs>'. Did you mean to write 'roles'?
server/src/controllers/auth.ts(150,23): error TS2339: Property 'status' does not exist on type '{ id: string; email: string; passwordHash: string; firstName: string | null; lastName: string | null; profileImage: string | null; dateOfBirth: Date | null; gender: string | null; ... 4 more ...; updatedAt: Date; }'.
server/src/controllers/auth.ts(154,90): error TS2339: Property 'role' does not exist on type '{ id: string; email: string; passwordHash: string; firstName: string | null; lastName: string | null; profileImage: string | null; dateOfBirth: Date | null; gender: string | null; ... 4 more ...; updatedAt: Date; }'.
server/src/controllers/auth.ts(182,9): error TS2353: Object literal may only specify known properties, and 'details' does not exist in type 'Without<AuditLogCreateInput, AuditLogUncheckedCreateInput> & AuditLogUncheckedCreateInput'.
server/src/controllers/auth.ts(214,51): error TS2339: Property 'details' does not exist on type '{ id: string; createdAt: Date; userId: string | null; action: string; entityType: string; entityId: string; oldData: string | null; newData: string | null; ipAddress: string | null; }'.
server/src/controllers/auth.ts(221,15): error TS2353: Object literal may only specify known properties, and 'password' does not exist in type '(Without<UserUpdateInput, UserUncheckedUpdateInput> & UserUncheckedUpdateInput) | (Without<...> & UserUpdateInput)'.
server/src/controllers/auth.ts(228,9): error TS2353: Object literal may only specify known properties, and 'details' does not exist in type 'Without<AuditLogCreateInput, AuditLogUncheckedCreateInput> & AuditLogUncheckedCreateInput'.
server/src/controllers/brand.ts(47,33): error TS2353: Object literal may only specify known properties, and 'banner' does not exist in type '(Without<BrandCreateInput, BrandUncheckedCreateInput> & BrandUncheckedCreateInput) | (Without<...> & BrandCreateInput)'.
server/src/controllers/brand.ts(62,33): error TS2353: Object literal may only specify known properties, and 'banner' does not exist in type '(Without<BrandUpdateInput, BrandUncheckedUpdateInput> & BrandUncheckedUpdateInput) | (Without<...> & BrandUpdateInput)'.
server/src/controllers/customer.ts(24,9): error TS2353: Object literal may only specify known properties, and 'wishlistItems' does not exist in type 'CustomerInclude<DefaultArgs>'.
server/src/controllers/customer.ts(47,15): error TS2353: Object literal may only specify known properties, and 'name' does not exist in type '(Without<CustomerCreateInput, CustomerUncheckedCreateInput> & CustomerUncheckedCreateInput) | (Without<...> & CustomerCreateInput)'.
server/src/controllers/customer.ts(62,15): error TS2353: Object literal may only specify known properties, and 'name' does not exist in type '(Without<CustomerUpdateInput, CustomerUncheckedUpdateInput> & CustomerUncheckedUpdateInput) | (Without<...> & CustomerUpdateInput)'.
server/src/controllers/customer.ts(88,20): error TS2339: Property 'address' does not exist on type 'PrismaClient<PrismaClientOptions, never, DefaultArgs>'.
server/src/controllers/customer.ts(108,30): error TS2339: Property 'address' does not exist on type 'PrismaClient<PrismaClientOptions, never, DefaultArgs>'.
server/src/controllers/customer.ts(113,30): error TS2339: Property 'address' does not exist on type 'PrismaClient<PrismaClientOptions, never, DefaultArgs>'.
server/src/controllers/customer.ts(125,18): error TS2339: Property 'address' does not exist on type 'PrismaClient<PrismaClientOptions, never, DefaultArgs>'.
server/src/controllers/customer.ts(142,35): error TS2339: Property 'wishlistItem' does not exist on type 'PrismaClient<PrismaClientOptions, never, DefaultArgs>'.
server/src/controllers/customer.ts(147,20): error TS2339: Property 'wishlistItem' does not exist on type 'PrismaClient<PrismaClientOptions, never, DefaultArgs>'.
server/src/controllers/customer.ts(150,34): error TS2339: Property 'wishlistItem' does not exist on type 'PrismaClient<PrismaClientOptions, never, DefaultArgs>'.
server/src/controllers/customer.ts(163,34): error TS2339: Property 'review' does not exist on type 'PrismaClient<PrismaClientOptions, never, DefaultArgs>'.
server/src/controllers/customer.ts(183,33): error TS2339: Property 'review' does not exist on type 'PrismaClient<PrismaClientOptions, never, DefaultArgs>'.
server/src/controllers/customer.ts(202,33): error TS2339: Property 'review' does not exist on type 'PrismaClient<PrismaClientOptions, never, DefaultArgs>'.
server/src/controllers/order.ts(70,27): error TS2339: Property 'stock' does not exist on type '{ id: string; isActive: boolean; deletedAt: Date | null; createdAt: Date; updatedAt: Date; name: string; description: string | null; slug: string; brandId: string | null; ... 5 more ...; isExclusive: boolean; }'.
server/src/controllers/order.ts(75,22): error TS2339: Property 'tier' does not exist on type '{ id: string; createdAt: Date; updatedAt: Date; userId: string; phone: string | null; rewardPoints: number; customerType: string; }'.
server/src/controllers/order.ts(87,23): error TS18047: 'price' is possibly 'null'.
server/src/controllers/order.ts(97,23): error TS18047: 'price' is possibly 'null'.
server/src/controllers/order.ts(108,13): error TS2322: Type '{ productId: any; variantId: any; quantity: any; unitPrice: number | null; totalPrice: number; }[]' is not assignable to type '(Without<OrderItemCreateWithoutOrderInput, OrderItemUncheckedCreateWithoutOrderInput> & OrderItemUncheckedCreateWithoutOrderInput) | (Without<...> & OrderItemCreateWithoutOrderInput) | OrderItemCreateWithoutOrderInput[] | OrderItemUncheckedCreateWithoutOrderInput[] | undefined'.
  Type '{ productId: any; variantId: any; quantity: any; unitPrice: number | null; totalPrice: number; }[]' is not assignable to type 'OrderItemCreateWithoutOrderInput[]'.
    Type '{ productId: any; variantId: any; quantity: any; unitPrice: number | null; totalPrice: number; }' is not assignable to type 'OrderItemCreateWithoutOrderInput'.
      Types of property 'unitPrice' are incompatible.
        Type 'number | null' is not assignable to type 'number'.
          Type 'null' is not assignable to type 'number'.
server/src/controllers/order.ts(169,9): error TS2353: Object literal may only specify known properties, and 'carrierService' does not exist in type 'Without<ShipmentCreateInput, ShipmentUncheckedCreateInput> & ShipmentUncheckedCreateInput'.
server/src/controllers/product.ts(108,22): error TS2353: Object literal may only specify known properties, and 'customer' does not exist in type 'ProductReviewInclude<DefaultArgs>'.
server/src/controllers/product.ts(144,22): error TS2353: Object literal may only specify known properties, and 'customer' does not exist in type 'ProductReviewInclude<DefaultArgs>'.
server/src/controllers/user.ts(70,9): error TS2353: Object literal may only specify known properties, and 'description' does not exist in type 'Without<AuditLogCreateInput, AuditLogUncheckedCreateInput> & AuditLogUncheckedCreateInput'.
server/src/controllers/user.ts(103,9): error TS2353: Object literal may only specify known properties, and 'description' does not exist in type 'Without<AuditLogCreateInput, AuditLogUncheckedCreateInput> & AuditLogUncheckedCreateInput'.
server/src/controllers/user.ts(140,9): error TS2353: Object literal may only specify known properties, and 'description' does not exist in type 'Without<AuditLogCreateInput, AuditLogUncheckedCreateInput> & AuditLogUncheckedCreateInput'.
server/src/controllers/user.ts(165,9): error TS2353: Object literal may only specify known properties, and 'description' does not exist in type 'Without<AuditLogCreateInput, AuditLogUncheckedCreateInput> & AuditLogUncheckedCreateInput'.
server/src/controllers/whatsapp.ts(106,9): error TS2353: Object literal may only specify known properties, and 'description' does not exist in type 'Without<AuditLogCreateInput, AuditLogUncheckedCreateInput> & AuditLogUncheckedCreateInput'.
server/src/middleware/auth.ts(47,30): error TS2339: Property 'name' does not exist on type '{ roleId: string; userId: string; }'.
server/src/middleware/auth.ts(48,47): error TS2339: Property 'permissions' does not exist on type '{ roleId: string; userId: string; }'.
