[debug] [2026-10-02T15:53:13.938Z] ----------------------------------------------------------------------
[debug] [2026-10-02T15:53:13.950Z] Command:       C:\Program Files\nodejs\node.exe C:\Users\arunj\AppData\Roaming\npm\node_modules\firebase-tools\lib\bin\firebase.js deploy --only functions
[debug] [2026-10-02T15:53:13.950Z] CLI Version:   15.28.1
[debug] [2026-10-02T15:53:13.951Z] Platform:      win32
[debug] [2026-10-02T15:53:13.951Z] Node Version:  v22.23.2
[debug] [2026-10-02T15:53:13.951Z] Detected Agent: unknown
[debug] [2026-10-02T15:53:13.952Z] Time:          Fri Oct 02 2026 21:23:13 GMT+0530 (India Standard Time)
[debug] [2026-10-02T15:53:13.952Z] ----------------------------------------------------------------------
[debug] 
[debug] [2026-10-02T15:53:17.931Z] > command requires scopes: ["email","openid","https://www.googleapis.com/auth/cloudplatformprojects.readonly","https://www.googleapis.com/auth/firebase","https://www.googleapis.com/auth/cloud-platform"]
[debug] [2026-10-02T15:53:17.932Z] > authorizing via signed-in user (ajrdigitalhub@gmail.com)
[debug] [2026-10-02T15:53:17.932Z] [iam] checking project ajr3dgalaxy for permissions ["cloudfunctions.functions.create","cloudfunctions.functions.delete","cloudfunctions.functions.get","cloudfunctions.functions.list","cloudfunctions.functions.update","cloudfunctions.operations.get","firebase.projects.get"]
[debug] [2026-10-02T15:53:17.966Z] Checked if tokens are valid: false, expires at: 1790909778404
[debug] [2026-10-02T15:53:17.966Z] Checked if tokens are valid: false, expires at: 1790909778404
[debug] [2026-10-02T15:53:17.967Z] > refreshing access token with scopes: []
[debug] [2026-10-02T15:53:17.971Z] >>> [apiv2][query] POST https://www.googleapis.com/oauth2/v3/token [none]
[debug] [2026-10-02T15:53:17.971Z] >>> [apiv2][body] POST https://www.googleapis.com/oauth2/v3/token [omitted]
[debug] [2026-10-02T15:53:18.215Z] <<< [apiv2][status] POST https://www.googleapis.com/oauth2/v3/token 200
[debug] [2026-10-02T15:53:18.215Z] <<< [apiv2][body] POST https://www.googleapis.com/oauth2/v3/token [omitted]
[debug] [2026-10-02T15:53:18.231Z] >>> [apiv2][query] POST https://cloudresourcemanager.googleapis.com/v1/projects/ajr3dgalaxy:testIamPermissions [none]
[debug] [2026-10-02T15:53:18.231Z] >>> [apiv2][(partial)header] POST https://cloudresourcemanager.googleapis.com/v1/projects/ajr3dgalaxy:testIamPermissions  x-goog-user-project=ajr3dgalaxy
[debug] [2026-10-02T15:53:18.232Z] >>> [apiv2][body] POST https://cloudresourcemanager.googleapis.com/v1/projects/ajr3dgalaxy:testIamPermissions {"permissions":["cloudfunctions.functions.create","cloudfunctions.functions.delete","cloudfunctions.functions.get","cloudfunctions.functions.list","cloudfunctions.functions.update","cloudfunctions.operations.get","firebase.projects.get"]}
