{"timestamp":"2026-09-08T19:06:49.754Z","level":"INFO","service":"3dgalaxy-backend","environment":"development","message":"[ConversationEventService] Client connected: mock_admin_test_client. Total clients: 1"}
{"timestamp":"2026-09-08T19:06:53.334Z","level":"INFO","service":"3dgalaxy-backend","environment":"development","message":"[WhatsAppConversationService] Created new minimum customer profile: d43c1845-2379-403f-aa08-56f3a6391aa4 for +919999000099"}
{"timestamp":"2026-09-08T19:06:53.334Z","level":"INFO","service":"3dgalaxy-backend","environment":"development","message":"[WHATSAPP WEBHOOK] ↓ Customer identified: d43c1845-2379-403f-aa08-56f3a6391aa4 (+919999000099)"}
{"timestamp":"2026-09-08T19:06:54.339Z","level":"INFO","service":"3dgalaxy-backend","environment":"development","message":"[WhatsAppConversationService] Created new conversation 1768b52a-350c-4373-87c7-659293cf1545 for phone +919999000099"}
{"timestamp":"2026-09-08T19:06:54.339Z","level":"INFO","service":"3dgalaxy-backend","environment":"development","message":"[WHATSAPP WEBHOOK] ↓ Conversation identified/created: 1768b52a-350c-4373-87c7-659293cf1545 (new: true)"}
{"timestamp":"2026-09-08T19:06:54.472Z","level":"INFO","service":"3dgalaxy-backend","environment":"development","message":"[WHATSAPP WEBHOOK] ↓ Incoming message saved: 8110bc30-4f58-44ea-88c3-beddddf99499 (status: RECEIVED)"}
{"timestamp":"2026-09-08T19:06:55.638Z","level":"INFO","service":"3dgalaxy-backend","environment":"development","message":"[ConversationEventService] Broadcasting MESSAGE_RECEIVED to 1 client(s) (conv: 1768b52a-350c-4373-87c7-659293cf1545)"}
{"timestamp":"2026-09-08T19:06:55.638Z","level":"INFO","service":"3dgalaxy-backend","environment":"development","message":"[WHATSAPP WEBHOOK] ↓ Realtime event emitted: MESSAGE_RECEIVED (conv: 1768b52a-350c-4373-87c7-659293cf1545)"}
{"timestamp":"2026-09-08T19:06:56.249Z","level":"INFO","service":"3dgalaxy-backend","environment":"development","message":"[WHATSAPP WEBHOOK] ↓ Automation trigger evaluated (initial: true, keywordMatch: true, alreadyReplied: false)"}
{"timestamp":"2026-09-08T19:06:56.250Z","level":"INFO","service":"3dgalaxy-backend","environment":"development","message":"[WHATSAPP WEBHOOK] ↓ Automation matched: Initial Welcome Automation"}
{"timestamp":"2026-09-08T19:06:56.250Z","level":"INFO","service":"3dgalaxy-backend","environment":"development","message":"[WHATSAPP WEBHOOK] ↓ Reply generated"}
{"timestamp":"2026-09-08T19:06:56.492Z","level":"INFO","service":"3dgalaxy-backend","environment":"development","message":"[WHATSAPP WEBHOOK] ↓ Outgoing message saved: 3a282a53-20a3-4546-ac93-4aa6d0d6beea (status: SENDING)"}
{"timestamp":"2026-09-08T19:06:56.492Z","level":"INFO","service":"3dgalaxy-backend","environment":"development","message":"[ConversationEventService] Broadcasting MESSAGE_SENT to 1 client(s) (conv: 1768b52a-350c-4373-87c7-659293cf1545)"}
{"timestamp":"2026-09-08T19:06:56.492Z","level":"INFO","service":"3dgalaxy-backend","environment":"development","message":"[WHATSAPP WEBHOOK] ↓ Realtime event emitted: MESSAGE_SENT (conv: 1768b52a-350c-4373-87c7-659293cf1545)"}
{"timestamp":"2026-09-08T19:07:00.772Z","level":"INFO","service":"3dgalaxy-backend","environment":"development","message":"[WHATSAPP WEBHOOK] ↓ WhatsApp API called"}
{"timestamp":"2026-09-08T19:07:03.100Z","level":"INFO","service":"3dgalaxy-backend","environment":"development","message":"[WHATSAPP WEBHOOK] ↓ WhatsApp API response received (ID: wamid.HBgMOTE5OTk5MDAwMDk5FQIAERgSNUE2NkE0MTQyNkE2NDgxMzlFAA==)"}
{"timestamp":"2026-09-08T19:07:03.244Z","level":"INFO","service":"3dgalaxy-backend","environment":"development","message":"[WHATSAPP WEBHOOK] ↓ Outgoing message saved: 3a282a53-20a3-4546-ac93-4aa6d0d6beea (status: SENT)"}
{"timestamp":"2026-09-08T19:07:03.245Z","level":"INFO","service":"3dgalaxy-backend","environment":"development","message":"[ConversationEventService] Broadcasting STATUS_CHANGED to 1 client(s) (conv: 1768b52a-350c-4373-87c7-659293cf1545)"}
{"timestamp":"2026-09-08T19:07:03.245Z","level":"INFO","service":"3dgalaxy-backend","environment":"development","message":"[WHATSAPP WEBHOOK] ↓ Realtime event emitted: STATUS_CHANGED (SENT)"}
{"timestamp":"2026-09-08T19:07:03.246Z","level":"INFO","service":"3dgalaxy-backend","environment":"development","message":"[WHATSAPP WEBHOOK] ↓ Frontend conversation updated"}
{"timestamp":"2026-09-08T19:07:04.557Z","level":"INFO","service":"3dgalaxy-backend","environment":"development","message":"[WHATSAPP WEBHOOK] ↓ Customer identified: d43c1845-2379-403f-aa08-56f3a6391aa4 (+919999000099)"}
{"timestamp":"2026-09-08T19:07:05.005Z","level":"INFO","service":"3dgalaxy-backend","environment":"development","message":"[WHATSAPP WEBHOOK] ↓ Conversation identified/created: 1768b52a-350c-4373-87c7-659293cf1545 (new: false)"}
{"timestamp":"2026-09-08T19:07:05.138Z","level":"INFO","service":"3dgalaxy-backend","environment":"development","message":"[WHATSAPP WEBHOOK] ↓ Incoming message saved: 964547c0-244d-4849-a42c-ee99f6c3543d (status: RECEIVED)"}
{"timestamp":"2026-09-08T19:07:06.187Z","level":"INFO","service":"3dgalaxy-backend","environment":"development","message":"[WHATSAPP WEBHOOK] ↓ Realtime event emitted: MESSAGE_RECEIVED (conv: 1768b52a-350c-4373-87c7-659293cf1545)"}
{"timestamp":"2026-09-08T19:07:06.187Z","level":"INFO","service":"3dgalaxy-backend","environment":"development","message":"[ConversationEventService] Broadcasting MESSAGE_RECEIVED to 1 client(s) (conv: 1768b52a-350c-4373-87c7-659293cf1545)"}
{"timestamp":"2026-09-08T19:07:07.449Z","level":"INFO","service":"3dgalaxy-backend","environment":"development","message":"[WHATSAPP WEBHOOK] ↓ Automation trigger evaluated (initial: false, keywordMatch: true, alreadyReplied: true)"}
{"timestamp":"2026-09-08T19:07:07.449Z","level":"INFO","service":"3dgalaxy-backend","environment":"development","message":"[WhatsAppAutoReply] Conversation 1768b52a-350c-4373-87c7-659293cf1545 already received auto-reply. Auto-reply restricted to single reply."}
{"timestamp":"2026-09-08T19:07:07.832Z","level":"INFO","service":"3dgalaxy-backend","environment":"development","message":"[WHATSAPP WEBHOOK] Duplicate webhook message already processed: wamid_test_second_1788894423470"}
{"timestamp":"2026-09-08T19:07:41.254Z","level":"INFO","service":"3dgalaxy-backend","environment":"development","message":"[ConversationEventService] Client connected: mock_admin_test_client. Total clients: 1"}
{"timestamp":"2026-09-08T19:07:44.011Z","level":"INFO","service":"3dgalaxy-backend","environment":"development","message":"[WHATSAPP WEBHOOK] ↓ Customer identified: d43c1845-2379-403f-aa08-56f3a6391aa4 (+919999000099)"}
{"timestamp":"2026-09-08T19:07:45.021Z","level":"INFO","service":"3dgalaxy-backend","environment":"development","message":"[WhatsAppConversationService] Created new conversation 8a08d8b6-f350-400c-93f7-aca1399bd2cf for phone +919999000099"}
{"timestamp":"2026-09-08T19:07:45.022Z","level":"INFO","service":"3dgalaxy-backend","environment":"development","message":"[WHATSAPP WEBHOOK] ↓ Conversation identified/created: 8a08d8b6-f350-400c-93f7-aca1399bd2cf (new: true)"}
{"timestamp":"2026-09-08T19:07:45.220Z","level":"INFO","service":"3dgalaxy-backend","environment":"development","message":"[WHATSAPP WEBHOOK] ↓ Incoming message saved: 10ae075c-f594-4c7f-836a-f7737262f747 (status: RECEIVED)"}
{"timestamp":"2026-09-08T19:07:46.473Z","level":"INFO","service":"3dgalaxy-backend","environment":"development","message":"[ConversationEventService] Broadcasting MESSAGE_RECEIVED to 1 client(s) (conv: 8a08d8b6-f350-400c-93f7-aca1399bd2cf)"}
{"timestamp":"2026-09-08T19:07:46.474Z","level":"INFO","service":"3dgalaxy-backend","environment":"development","message":"[WHATSAPP WEBHOOK] ↓ Realtime event emitted: MESSAGE_RECEIVED (conv: 8a08d8b6-f350-400c-93f7-aca1399bd2cf)"}
{"timestamp":"2026-09-08T19:07:47.100Z","level":"INFO","service":"3dgalaxy-backend","environment":"development","message":"[WHATSAPP WEBHOOK] ↓ Automation trigger evaluated (initial: true, keywordMatch: true, alreadyReplied: false)"}
{"timestamp":"2026-09-08T19:07:47.101Z","level":"INFO","service":"3dgalaxy-backend","environment":"development","message":"[WHATSAPP WEBHOOK] ↓ Automation matched: Initial Welcome Automation"}
{"timestamp":"2026-09-08T19:07:47.103Z","level":"INFO","service":"3dgalaxy-backend","environment":"development","message":"[WHATSAPP WEBHOOK] ↓ Reply generated"}
{"timestamp":"2026-09-08T19:07:47.399Z","level":"INFO","service":"3dgalaxy-backend","environment":"development","message":"[ConversationEventService] Broadcasting MESSAGE_SENT to 1 client(s) (conv: 8a08d8b6-f350-400c-93f7-aca1399bd2cf)"}
{"timestamp":"2026-09-08T19:07:47.398Z","level":"INFO","service":"3dgalaxy-backend","environment":"development","message":"[WHATSAPP WEBHOOK] ↓ Outgoing message saved: f75fa0c5-d90b-4e89-b55a-8985b1647d43 (status: SENDING)"}
{"timestamp":"2026-09-08T19:07:47.400Z","level":"INFO","service":"3dgalaxy-backend","environment":"development","message":"[WHATSAPP WEBHOOK] ↓ Realtime event emitted: MESSAGE_SENT (conv: 8a08d8b6-f350-400c-93f7-aca1399bd2cf)"}
{"timestamp":"2026-09-08T19:07:50.534Z","level":"INFO","service":"3dgalaxy-backend","environment":"development","message":"[WHATSAPP WEBHOOK] ↓ WhatsApp API called"}
{"timestamp":"2026-09-08T19:07:51.778Z","level":"INFO","service":"3dgalaxy-backend","environment":"development","message":"[WHATSAPP WEBHOOK] ↓ WhatsApp API response received (ID: wamid.HBgMOTE5OTk5MDAwMDk5FQIAERgSQUZCMkI5NUZEQUVDRTIzRDkyAA==)"}
{"timestamp":"2026-09-08T19:07:51.893Z","level":"INFO","service":"3dgalaxy-backend","environment":"development","message":"[WHATSAPP WEBHOOK] ↓ Outgoing message saved: f75fa0c5-d90b-4e89-b55a-8985b1647d43 (status: SENT)"}
{"timestamp":"2026-09-08T19:07:51.894Z","level":"INFO","service":"3dgalaxy-backend","environment":"development","message":"[ConversationEventService] Broadcasting STATUS_CHANGED to 1 client(s) (conv: 8a08d8b6-f350-400c-93f7-aca1399bd2cf)"}
{"timestamp":"2026-09-08T19:07:51.894Z","level":"INFO","service":"3dgalaxy-backend","environment":"development","message":"[WHATSAPP WEBHOOK] ↓ Frontend conversation updated"}
{"timestamp":"2026-09-08T19:07:51.894Z","level":"INFO","service":"3dgalaxy-backend","environment":"development","message":"[WHATSAPP WEBHOOK] ↓ Realtime event emitted: STATUS_CHANGED (SENT)"}
{"timestamp":"2026-09-08T19:07:52.351Z","level":"INFO","service":"3dgalaxy-backend","environment":"development","message":"[WHATSAPP WEBHOOK] ↓ Customer identified: d43c1845-2379-403f-aa08-56f3a6391aa4 (+919999000099)"}
{"timestamp":"2026-09-08T19:07:52.692Z","level":"INFO","service":"3dgalaxy-backend","environment":"development","message":"[WHATSAPP WEBHOOK] ↓ Conversation identified/created: 8a08d8b6-f350-400c-93f7-aca1399bd2cf (new: false)"}
{"timestamp":"2026-09-08T19:07:52.812Z","level":"INFO","service":"3dgalaxy-backend","environment":"development","message":"[WHATSAPP WEBHOOK] ↓ Incoming message saved: e742471c-5cca-43b0-bdd7-5351226d9b2c (status: RECEIVED)"}
{"timestamp":"2026-09-08T19:07:53.843Z","level":"INFO","service":"3dgalaxy-backend","environment":"development","message":"[ConversationEventService] Broadcasting MESSAGE_RECEIVED to 1 client(s) (conv: 8a08d8b6-f350-400c-93f7-aca1399bd2cf)"}
{"timestamp":"2026-09-08T19:07:53.844Z","level":"INFO","service":"3dgalaxy-backend","environment":"development","message":"[WHATSAPP WEBHOOK] ↓ Realtime event emitted: MESSAGE_RECEIVED (conv: 8a08d8b6-f350-400c-93f7-aca1399bd2cf)"}
{"timestamp":"2026-09-08T19:07:54.478Z","level":"INFO","service":"3dgalaxy-backend","environment":"development","message":"[WHATSAPP WEBHOOK] ↓ Automation trigger evaluated (initial: false, keywordMatch: true, alreadyReplied: true)"}
{"timestamp":"2026-09-08T19:07:54.479Z","level":"INFO","service":"3dgalaxy-backend","environment":"development","message":"[WhatsAppAutoReply] Conversation 8a08d8b6-f350-400c-93f7-aca1399bd2cf already received auto-reply. Auto-reply restricted to single reply."}
{"timestamp":"2026-09-08T19:07:54.710Z","level":"INFO","service":"3dgalaxy-backend","environment":"development","message":"[WHATSAPP WEBHOOK] Duplicate webhook message already processed: wamid_test_second_1788894472010"}
{"timestamp":"2026-09-08T19:07:55.418Z","level":"INFO","service":"3dgalaxy-backend","environment":"development","message":"[WHATSAPP WEBHOOK] ↓ Outgoing message saved: 95bf0ab7-bf35-4850-a3a9-37d3599c00d8 (status: SENT)"}
{"timestamp":"2026-09-08T19:07:55.418Z","level":"INFO","service":"3dgalaxy-backend","environment":"development","message":"[ConversationEventService] Broadcasting MESSAGE_SENT to 1 client(s) (conv: 8a08d8b6-f350-400c-93f7-aca1399bd2cf)"}
{"timestamp":"2026-09-08T19:07:55.419Z","level":"INFO","service":"3dgalaxy-backend","environment":"development","message":"[WHATSAPP WEBHOOK] ↓ Realtime event emitted: MESSAGE_SENT (conv: 8a08d8b6-f350-400c-93f7-aca1399bd2cf)"}
{"timestamp":"2026-09-08T19:07:55.650Z","level":"INFO","service":"3dgalaxy-backend","environment":"development","message":"[WHATSAPP WEBHOOK] ↓ Message 95bf0ab7-bf35-4850-a3a9-37d3599c00d8 status updated to DELIVERED (receipt: wamid_test_status_1788894475130)"}
{"timestamp":"2026-09-08T19:07:55.650Z","level":"INFO","service":"3dgalaxy-backend","environment":"development","message":"[ConversationEventService] Broadcasting STATUS_CHANGED to 1 client(s) (conv: 8a08d8b6-f350-400c-93f7-aca1399bd2cf)"}
{"timestamp":"2026-09-08T19:07:56.017Z","level":"INFO","service":"3dgalaxy-backend","environment":"development","message":"[WHATSAPP WEBHOOK] ↓ Message 95bf0ab7-bf35-4850-a3a9-37d3599c00d8 status updated to READ (receipt: wamid_test_status_1788894475130)"}
{"timestamp":"2026-09-08T19:07:56.017Z","level":"INFO","service":"3dgalaxy-backend","environment":"development","message":"[ConversationEventService] Broadcasting STATUS_CHANGED to 1 client(s) (conv: 8a08d8b6-f350-400c-93f7-aca1399bd2cf)"}
{"timestamp":"2026-09-08T19:07:56.397Z","level":"INFO","service":"3dgalaxy-backend","environment":"development","message":"[WHATSAPP WEBHOOK] ↓ Outgoing message saved: 597aee95-48b4-466d-a3be-a068ef8f3e9b (status: SENT)"}
{"timestamp":"2026-09-08T19:07:56.398Z","level":"INFO","service":"3dgalaxy-backend","environment":"development","message":"[ConversationEventService] Broadcasting MESSAGE_SENT to 1 client(s) (conv: 8a08d8b6-f350-400c-93f7-aca1399bd2cf)"}
{"timestamp":"2026-09-08T19:07:56.398Z","level":"INFO","service":"3dgalaxy-backend","environment":"development","message":"[WHATSAPP WEBHOOK] ↓ Realtime event emitted: MESSAGE_SENT (conv: 8a08d8b6-f350-400c-93f7-aca1399bd2cf)"}
{"timestamp":"2026-09-08T19:07:56.666Z","level":"INFO","service":"3dgalaxy-backend","environment":"development","message":"[WHATSAPP WEBHOOK] ↓ Message 597aee95-48b4-466d-a3be-a068ef8f3e9b status updated to FAILED (receipt: wamid_sim_failed_1788894476135)"}
{"timestamp":"2026-09-08T19:07:56.667Z","level":"INFO","service":"3dgalaxy-backend","environment":"development","message":"[ConversationEventService] Broadcasting STATUS_CHANGED to 1 client(s) (conv: 8a08d8b6-f350-400c-93f7-aca1399bd2cf)"}
